Время запроса 03/12/2021, 11:33:29 Расстояние от территория Барвиха-21, 25 до МКАД - 5.57 км
Время запроса 03/12/2021, 11:47:41 Расстояние от территория Барвиха-21, 25 до МКАД - 5.57 км
Время запроса 03/12/2021, 11:47:54 Адрес не распознан
Время запроса 03/12/2021, 11:50:01 Расстояние от территория Барвиха-21, 25 до МКАД - 5.57 км
Время запроса 03/12/2021, 11:52:17 Расстояние от территория Барвиха-21, 25 до МКАД - 5.57 км
